// Jest Snapshot v1, https://goo.gl/fbAQLP

exports[`App index matches the snapshot with Redux 1`] = `
Object {
  "asFragment": [Function],
  "baseElement": <body>
    <div>
      <div
        class="justify-content-center align-items-center min-vh-100 row"
      >
        <div
          class="col-md-4 col-12"
        >
          <div
            class="text-center card bg-light"
          >
            <div
              class="card-header"
            >
              User
            </div>
            <div
              class="card-body"
            >
              <form
                class=""
              >
                <div
                  class="form-group"
                >
                  
                  <select
                    class="form-control"
                    data-testid="user-select"
                    id="formGridState"
                  >
                    <option
                      value=""
                    >
                      Select user
                    </option>
                  </select>
                </div>
                <button
                  class="btn btn-outline-dark"
                  data-testid="submit-button"
                  type="submit"
                >
                  Authenticate
                </button>
              </form>
            </div>
          </div>
        </div>
      </div>
    </div>
  </body>,
  "container": <div>
    <div
      class="justify-content-center align-items-center min-vh-100 row"
    >
      <div
        class="col-md-4 col-12"
      >
        <div
          class="text-center card bg-light"
        >
          <div
            class="card-header"
          >
            User
          </div>
          <div
            class="card-body"
          >
            <form
              class=""
            >
              <div
                class="form-group"
              >
                
                <select
                  class="form-control"
                  data-testid="user-select"
                  id="formGridState"
                >
                  <option
                    value=""
                  >
                    Select user
                  </option>
                </select>
              </div>
              <button
                class="btn btn-outline-dark"
                data-testid="submit-button"
                type="submit"
              >
                Authenticate
              </button>
            </form>
          </div>
        </div>
      </div>
    </div>
  </div>,
  "debug": [Function],
  "findAllByAltText": [Function],
  "findAllByDisplayValue": [Function],
  "findAllByLabelText": [Function],
  "findAllByPlaceholderText": [Function],
  "findAllByRole": [Function],
  "findAllByTestId": [Function],
  "findAllByText": [Function],
  "findAllByTitle": [Function],
  "findByAltText": [Function],
  "findByDisplayValue": [Function],
  "findByLabelText": [Function],
  "findByPlaceholderText": [Function],
  "findByRole": [Function],
  "findByTestId": [Function],
  "findByText": [Function],
  "findByTitle": [Function],
  "getAllByAltText": [Function],
  "getAllByDisplayValue": [Function],
  "getAllByLabelText": [Function],
  "getAllByPlaceholderText": [Function],
  "getAllByRole": [Function],
  "getAllByTestId": [Function],
  "getAllByText": [Function],
  "getAllByTitle": [Function],
  "getByAltText": [Function],
  "getByDisplayValue": [Function],
  "getByLabelText": [Function],
  "getByPlaceholderText": [Function],
  "getByRole": [Function],
  "getByTestId": [Function],
  "getByText": [Function],
  "getByTitle": [Function],
  "queryAllByAltText": [Function],
  "queryAllByDisplayValue": [Function],
  "queryAllByLabelText": [Function],
  "queryAllByPlaceholderText": [Function],
  "queryAllByRole": [Function],
  "queryAllByTestId": [Function],
  "queryAllByText": [Function],
  "queryAllByTitle": [Function],
  "queryByAltText": [Function],
  "queryByDisplayValue": [Function],
  "queryByLabelText": [Function],
  "queryByPlaceholderText": [Function],
  "queryByRole": [Function],
  "queryByTestId": [Function],
  "queryByText": [Function],
  "queryByTitle": [Function],
  "rerender": [Function],
  "unmount": [Function],
}
`;
